// Jest Snapshot v1, https://goo.gl/fbAQLP

exports[`<BaseForm /> dark: renders correctly 1`] = `
<View
  style={
    Array [
      Object {},
      Array [
        Object {
          "paddingBottom": 0,
          "paddingLeft": 12,
          "paddingRight": 12,
          "paddingTop": 0,
        },
        undefined,
      ],
    ]
  }
/>
`;

exports[`<BaseForm /> light: renders correctly 1`] = `
<View
  style={
    Array [
      Object {},
      Array [
        Object {
          "paddingBottom": 0,
          "paddingLeft": 12,
          "paddingRight": 12,
          "paddingTop": 0,
        },
        undefined,
      ],
    ]
  }
/>
`;
