// Jest Snapshot v1, https://goo.gl/fbAQLP

exports[`<FeeSelect /> renders correctly 1`] = `
<Styled(View)>
  <RadioGroup />
</Styled(View)>
`;
